// Jest Snapshot v1, https://goo.gl/fbAQLP

exports[`render main page 1`] = `<users />`;
